../Core/Src/main.c:233:6:PIDBLDC	16	static
../Core/Src/main.c:271:6:PIDDCSpeed	8	static
../Core/Src/main.c:315:6:PIDDCPos	8	static
../Core/Src/main.c:355:6:DriveBLDC	16	static
../Core/Src/main.c:361:6:DriveDC	16	static
../Core/Src/main.c:388:6:ResetDegree	16	static
../Core/Src/main.c:395:6:SetAndResetU2parameter	16	static
../Core/Src/main.c:411:6:SetAndResetU1parameter	16	static
../Core/Src/main.c:428:6:StartBldc	8	static
../Core/Src/main.c:443:6:HomeFinding	8	static
../Core/Src/main.c:508:5:main	104	static
../Core/Src/main.c:602:6:SystemClock_Config	72	static
../Core/Src/main.c:642:13:MX_TIM2_Init	48	static
../Core/Src/main.c:699:13:MX_TIM3_Init	56	static
../Core/Src/main.c:748:13:MX_TIM4_Init	56	static
../Core/Src/main.c:797:13:MX_GPIO_Init	40	static
../Core/Src/main.c:840:6:StartCalPIDDC	16	static
../Core/Src/main.c:875:6:StartCalPIDBLDC	80	static
../Core/Src/main.c:917:6:StartLogicControl	16	static
../Core/Src/main.c:954:6:HAL_TIM_PeriodElapsedCallback	16	static
../Core/Src/main.c:971:6:Error_Handler	4	static,ignoring_inline_asm
