../Core/Src/main.c:232:8:kalman_filterX	48	static
../Core/Src/main.c:269:6:PIDBLDC	16	static
../Core/Src/main.c:307:6:PIDDCSpeed	8	static
../Core/Src/main.c:351:6:PIDDCPos	8	static
../Core/Src/main.c:391:6:DriveBLDC	16	static
../Core/Src/main.c:397:6:DriveDC	16	static
../Core/Src/main.c:424:6:ResetDegree	16	static
../Core/Src/main.c:431:6:SetAndResetU2parameter	16	static
../Core/Src/main.c:447:6:SetAndResetU1parameter	16	static
../Core/Src/main.c:464:6:StartBldc	8	static
../Core/Src/main.c:479:6:HomeFinding	8	static
../Core/Src/main.c:544:5:main	104	static
../Core/Src/main.c:638:6:SystemClock_Config	72	static
../Core/Src/main.c:678:13:MX_TIM2_Init	48	static
../Core/Src/main.c:735:13:MX_TIM3_Init	56	static
../Core/Src/main.c:784:13:MX_TIM4_Init	56	static
../Core/Src/main.c:833:13:MX_GPIO_Init	40	static
../Core/Src/main.c:876:6:StartCalPIDDC	16	static
../Core/Src/main.c:904:6:StartCalPIDBLDC	16	static
../Core/Src/main.c:927:6:StartLogicControl	16	static
../Core/Src/main.c:964:6:HAL_TIM_PeriodElapsedCallback	16	static
../Core/Src/main.c:981:6:Error_Handler	4	static,ignoring_inline_asm
