../Core/Src/main.c:186:6:PIDBLDC	16	static
../Core/Src/main.c:196:6:PIDDCSpeed	16	static
../Core/Src/main.c:207:6:PIDDCPos	24	static
../Core/Src/main.c:228:6:ResetDegree	16	static
../Core/Src/main.c:235:6:SetAndResetU2parameter	16	static
../Core/Src/main.c:283:6:HomeFinding	8	static
../Core/Src/main.c:348:5:main	168	static
../Core/Src/main.c:446:6:SystemClock_Config	72	static
../Core/Src/main.c:486:13:MX_TIM2_Init	48	static
../Core/Src/main.c:543:13:MX_TIM3_Init	56	static
../Core/Src/main.c:592:13:MX_TIM4_Init	56	static
../Core/Src/main.c:641:13:MX_GPIO_Init	40	static
../Core/Src/main.c:684:6:StartCalPIDDC	16	static
../Core/Src/main.c:713:6:StartCalPIDBLDC	16	static
../Core/Src/main.c:745:6:StartLogicControl	16	static
../Core/Src/main.c:771:6:HAL_TIM_PeriodElapsedCallback	16	static
../Core/Src/main.c:788:6:Error_Handler	4	static,ignoring_inline_asm
