../Core/Src/main.c:180:6:PIDBLDC	16	static
../Core/Src/main.c:190:6:PIDDCSpeed	16	static
../Core/Src/main.c:201:6:PIDDCPos	24	static
../Core/Src/main.c:223:6:SetAndResetU2parameter	16	static
../Core/Src/main.c:249:6:HomeFinding	8	static
../Core/Src/main.c:314:5:main	168	static
../Core/Src/main.c:412:6:SystemClock_Config	72	static
../Core/Src/main.c:452:13:MX_TIM2_Init	48	static
../Core/Src/main.c:509:13:MX_TIM3_Init	56	static
../Core/Src/main.c:558:13:MX_TIM4_Init	56	static
../Core/Src/main.c:607:13:MX_GPIO_Init	40	static
../Core/Src/main.c:650:6:StartCalPIDDC	16	static
../Core/Src/main.c:679:6:StartCalPIDBLDC	16	static
../Core/Src/main.c:711:6:StartLogicControl	16	static
../Core/Src/main.c:737:6:HAL_TIM_PeriodElapsedCallback	16	static
../Core/Src/main.c:754:6:Error_Handler	4	static,ignoring_inline_asm
